2026-04-29 22:25:52,956 - INFO - Student added successfully!
2026-04-29 22:26:24,358 - INFO - Name: Ankit, Age: 23
2026-04-29 22:26:24,359 - INFO - Name: Khushboo, Age: 60
2026-04-29 22:26:24,359 - INFO - Name: Shruti, Age: 30
2026-04-29 22:26:24,359 - INFO - Name: Dharm, Age: 24
2026-04-29 22:26:24,359 - INFO - Name: Kshitiz, Age: 25
2026-04-29 22:27:12,601 - INFO - Student fef not found
2026-04-29 22:27:49,738 - ERROR - Invalid age!
2026-04-29 22:29:12,844 - INFO - Name: Ankit, Age: 23
2026-04-29 22:29:12,844 - INFO - Name: Khushboo, Age: 60
2026-04-29 22:29:12,844 - INFO - Name: Shruti, Age: 30
2026-04-29 22:29:12,844 - INFO - Name: Dharm, Age: 24
2026-04-29 22:29:12,844 - INFO - Name: Kshitiz, Age: 25
2026-04-29 23:19:06,381 - ERROR - Invalid input!!!!!!
2026-04-29 23:19:06,382 - ERROR - Invalid input!!!!!!
2026-04-29 23:19:22,150 - ERROR - Invalid input!!!!!!
2026-04-29 23:19:22,150 - ERROR - Invalid input!!!!!!
2026-04-29 23:21:41,795 - INFO - Deleted: Ankit successfully
2026-04-30 23:44:27,462 - INFO - After exception
2026-04-30 23:44:28,980 - INFO - Saved
2026-05-03 00:25:34,910 - INFO - {'name': 'Aman', 'age': 25, 'github': {'repos': '', 'followers': ''}}
2026-05-03 00:25:34,910 - INFO - {'name': '', 'age': 34, 'github': 'Not found'}
2026-05-03 00:28:44,620 - INFO - {'name': 'Aman', 'age': 25, 'github': {'repos': '', 'followers': ''}}
2026-05-03 00:28:44,620 - INFO - {'name': '', 'age': 34, 'github': 'Not found'}
2026-05-03 00:28:44,620 - INFO - {'name': 'Khushboo', 'age': 50, 'github': {'repos': 0, 'followers': 0}}
2026-05-03 00:28:44,621 - INFO - {'name': 'Dharm', 'age': 25, 'github': None}
2026-05-03 00:28:44,621 - INFO - {'name': 'Dharm', 'age': 25, 'github_username': 'fsefsjnvisovosn', 'github': None}
2026-05-03 00:28:44,621 - INFO - {'name': 'Dharm', 'age': 25, 'github': None}
2026-05-03 00:28:44,621 - INFO - {'name': 'anki', 'age': 23, 'github': {'repos': 9, 'followers': 0}}
2026-05-03 00:28:44,621 - INFO - {'name': 'ank', 'age': 23, 'github': {'repos': 9, 'followers': 0}}
2026-05-03 00:28:44,621 - INFO - {'name': 'an', 'age': 23, 'github': {'repos': 9, 'followers': 0}}
2026-05-03 00:33:46,069 - INFO - {'name': 'Aman', 'age': 25, 'github': {'repos': '', 'followers': ''}}
2026-05-03 00:33:46,069 - INFO - {'name': '', 'age': 34, 'github': 'Not found'}
2026-05-03 00:33:46,069 - INFO - {'name': 'Khushboo', 'age': 50, 'github': {'repos': 0, 'followers': 0}}
2026-05-03 00:33:46,069 - INFO - {'name': 'Dharm', 'age': 25, 'github': None}
2026-05-03 00:33:46,069 - INFO - {'name': 'Dharm', 'age': 25, 'github_username': 'fsefsjnvisovosn', 'github': None}
2026-05-03 00:33:46,069 - INFO - {'name': 'Dharm', 'age': 25, 'github': None}
2026-05-03 00:33:46,069 - INFO - {'name': 'anki', 'age': 23, 'github': {'repos': 9, 'followers': 0}}
2026-05-03 00:33:46,069 - INFO - {'name': 'ank', 'age': 23, 'github': {'repos': 9, 'followers': 0}}
2026-05-03 00:33:46,069 - INFO - {'name': 'an', 'age': 23, 'github': {'repos': 9, 'followers': 0}}
2026-05-03 01:16:48,646 - INFO - {'name': 'Aman', 'age': 25, 'github': {'repos': '', 'followers': ''}}
2026-05-03 01:16:48,646 - INFO - {'name': '', 'age': 34, 'github': 'Not found'}
2026-05-03 01:16:48,647 - INFO - {'name': 'Khushboo', 'age': 50, 'github': {'repos': 0, 'followers': 0}}
2026-05-03 01:16:48,647 - INFO - {'name': 'Dharm', 'age': 25, 'github': None}
2026-05-03 01:16:48,647 - INFO - {'name': 'Dharm', 'age': 25, 'github_username': 'fsefsjnvisovosn', 'github': None}
2026-05-03 01:16:48,647 - INFO - {'name': 'Dharm', 'age': 25, 'github': None}
2026-05-03 01:16:48,647 - INFO - {'name': 'anki', 'age': 23, 'github': {'repos': 9, 'followers': 0}}
2026-05-03 01:16:48,647 - INFO - {'name': 'ank', 'age': 23, 'github': {'repos': 9, 'followers': 0}}
2026-05-03 01:16:48,647 - INFO - {'name': 'an', 'age': 23, 'github': {'repos': 9, 'followers': 0}}
2026-05-03 01:45:11,434 - INFO - {'name': 'Aman', 'age': 25, 'github': {'repos': '', 'followers': ''}}
2026-05-03 01:45:11,434 - INFO - {'name': '', 'age': 34, 'github': 'Not found'}
2026-05-03 01:45:11,435 - INFO - {'name': 'Khushboo', 'age': 50, 'github': {'repos': 0, 'followers': 0}}
2026-05-03 01:45:11,457 - INFO - {'name': 'Dharm', 'age': 25, 'github': None}
2026-05-03 01:45:11,457 - INFO - {'name': 'Dharm', 'age': 25, 'github_username': 'fsefsjnvisovosn', 'github': None}
2026-05-03 01:45:11,457 - INFO - {'name': 'Dharm', 'age': 25, 'github': None}
2026-05-03 01:45:11,457 - INFO - {'name': 'anki', 'age': 23, 'github': {'repos': 9, 'followers': 0}}
2026-05-03 01:45:11,457 - INFO - {'name': 'ank', 'age': 23, 'github': {'repos': 9, 'followers': 0}}
2026-05-03 01:45:11,457 - INFO - {'name': 'an', 'age': 23, 'github': {'repos': 9, 'followers': 0}}
2026-05-03 01:50:28,890 - INFO - {'name': 'Aman', 'age': 25, 'github': {'repos': '', 'followers': ''}}
2026-05-03 01:50:28,890 - INFO - {'name': '', 'age': 34, 'github': 'Not found'}
2026-05-03 01:50:28,890 - INFO - {'name': 'Khushboo', 'age': 50, 'github': {'repos': 0, 'followers': 0}}
2026-05-03 01:50:28,891 - INFO - {'name': 'Dharm', 'age': 25, 'github': None}
2026-05-03 01:50:28,891 - INFO - {'name': 'Dharm', 'age': 25, 'github_username': 'fsefsjnvisovosn', 'github': None}
2026-05-03 01:50:28,891 - INFO - {'name': 'Dharm', 'age': 25, 'github': None}
2026-05-03 01:50:28,891 - INFO - {'name': 'anki', 'age': 23, 'github': {'repos': 9, 'followers': 0}}
2026-05-03 01:50:28,891 - INFO - {'name': 'ank', 'age': 23, 'github': {'repos': 9, 'followers': 0}}
2026-05-03 01:50:28,891 - INFO - {'name': 'an', 'age': 23, 'github': {'repos': 9, 'followers': 0}}
2026-05-03 02:55:57,528 - ERROR - Exception occurred 404 Client Error: Not Found for url: http://localhost:11434/api/generate
2026-05-03 03:07:29,714 - ERROR - Exception occurred 404 Client Error: Not Found for url: http://localhost:11434/api/generate
2026-05-03 03:08:56,360 - ERROR - Exception occurred 404 Client Error: Not Found for url: http://localhost:11434/api/generate
